// Jest Snapshot v1, https://goo.gl/fbAQLP

exports[`Hide On Error hides a failing control 1`] = `<div />`;

exports[`Hide On Error shows a successful control 1`] = `
<div>
  <div
    class="test"
  />
</div>
`;
