// Jest Snapshot v1, https://goo.gl/fbAQLP

exports[`Home Page renders correctly 1`] = `
<div>
  <a
    class=""
    href="/test"
  >
    Test
  </a>
</div>
`;
