// Jest Snapshot v1, https://goo.gl/fbAQLP

exports[`Reset Password Page renders correctly 1`] = `
<div>
  <div
    class="background"
  >
    <nav
      class="navbar navbar"
    >
      <a
        class="navbar-brand"
      >
        PocketBook
      </a>
    </nav>
    <div
      class="centreContainer container"
    >
      <div
        class="row"
      >
        <div
          class="col-lg-6 offset-lg-3"
        >
          <div
            class="centreBox"
          >
            <div
              class="container"
            >
              <div
                class="row"
              >
                <div
                  class="col"
                >
                  <h1
                    class="text-center"
                  >
                    Reset Your Password
                  </h1>
                </div>
              </div>
              <div
                class="row"
              >
                <div
                  class="col"
                >
                  <p>
                    Now we have confirmed your email address, you need to set a new password.
                  </p>
                </div>
              </div>
              <form
                class=""
                id="reset-password-form"
                novalidate=""
              >
                <div
                  class="row"
                >
                  <div
                    class="col"
                  >
                    <div
                      class="form-group"
                    >
                      <label
                        class=""
                        for="newPassword"
                      >
                        New Password
                      </label>
                      <input
                        autocomplete="new-password"
                        class="form-control"
                        id="newPassword"
                        name="newPassword"
                        placeholder="New Password"
                        type="password"
                        value=""
                      />
                      <div
                        class="invalid-feedback"
                      >
                        You need to enter a password.
                      </div>
                    </div>
                  </div>
                </div>
                <div
                  class="row"
                >
                  <div
                    class="text-right col-md-9 offset-md-3"
                  >
                    <button
                      class="text-muted btn btn-link"
                      id="showPassword"
                      type="button"
                    >
                      Show Password
                    </button>
                  </div>
                </div>
                <button
                  class="btn btn-dark-green btn-block"
                  type="submit"
                >
                  Submit
                </button>
              </form>
            </div>
          </div>
        </div>
      </div>
    </div>
    <nav
      class="fixed-bottom footer navbar"
    >
      <span
        class="navbar-text"
      >
        Design Copyright Â© 
        2020
         Tony Richards.
      </span>
      <ul
        class="nav"
      >
        <li
          class="nav-item"
        >
          <a
            class="nav-link text-dark"
            href="/privacy"
          >
            Privacy Policy
          </a>
        </li>
        <li
          class="nav-item"
        >
          <a
            class="nav-link text-dark"
            href="/tsandcs"
          >
            Terms of Use
          </a>
        </li>
      </ul>
    </nav>
  </div>
</div>
`;
