// Jest Snapshot v1, https://goo.gl/fbAQLP

exports[`Account Page renders correctly 1`] = `
<div>
  <div
    class="background"
  >
    <nav
      class="navbar navbar"
    >
      <a
        class="navbar-brand"
      >
        PocketBook
      </a>
      <span
        class="navbar-text"
      >
        Hi, 
        Test User
      </span>
    </nav>
    <div
      class="centreContainer"
    >
      <div
        class="container"
      >
        <div
          class="row"
        >
          <div
            class="col-lg-6 offset-lg-3"
          >
            <div
              class="dashboardBackground"
            >
              <div
                class="container"
              >
                <div
                  class="row"
                >
                  <div
                    class="col"
                  >
                    <h1
                      class="text-center"
                    >
                      Account
                    </h1>
                  </div>
                </div>
                <div
                  class="dashboardButton row"
                >
                  <div
                    class="col"
                  >
                    <button
                      class="btn btn-dark-green btn-lg btn-block"
                      type="button"
                    >
                      Change Name
                    </button>
                  </div>
                </div>
                <div
                  class="dashboardButton row"
                >
                  <div
                    class="col"
                  >
                    <button
                      class="btn btn-dark-green btn-lg btn-block"
                      type="button"
                    >
                      Change Password
                    </button>
                  </div>
                </div>
                <div
                  class="dashboardButton row"
                >
                  <div
                    class="col"
                  >
                    <button
                      class="btn btn-dark-green btn-lg btn-block"
                      type="button"
                    >
                      Disable Update Emails
                    </button>
                  </div>
                </div>
                <div
                  class="dashboardButton row"
                >
                  <div
                    class="col"
                  >
                    <button
                      class="btn btn-danger btn-lg btn-block"
                      type="button"
                    >
                      Delete Account
                    </button>
                  </div>
                </div>
                <div
                  class="dashboardButton row"
                >
                  <div
                    class="col"
                  >
                    <a
                      class="btn btn-dark-green btn-block btn-lg"
                      href="/home"
                    >
                      Home
                    </a>
                  </div>
                </div>
              </div>
            </div>
          </div>
        </div>
        <div
          class="row"
        >
          <div
            class="col"
          />
          <div
            class="col"
          />
          <div
            class="col"
          />
        </div>
      </div>
    </div>
    <nav
      class="fixed-bottom footer navbar"
    >
      <span
        class="navbar-text"
      >
        Design Copyright Â© 
        2020
         Tony Richards.
      </span>
      <ul
        class="nav"
      >
        <li
          class="nav-item"
        >
          <a
            class="nav-link text-dark"
            href="/privacy"
          >
            Privacy Policy
          </a>
        </li>
        <li
          class="nav-item"
        >
          <a
            class="nav-link text-dark"
            href="/tsandcs"
          >
            Terms of Use
          </a>
        </li>
      </ul>
    </nav>
  </div>
</div>
`;
