// Jest Snapshot v1, https://goo.gl/fbAQLP

exports[`Edit Name Modal renders hidden correctly 1`] = `
<body
  class=""
>
  <div />
</body>
`;

exports[`Edit Name Modal renders shown correctly 1`] = `
<body
  class="modal-open"
>
  <div />
  <div
    style="position: relative; z-index: 1050; display: block;"
    tabindex="-1"
  >
    <div
      class=""
    >
      <div
        class="modal fade"
        role="dialog"
        style="display: block;"
        tabindex="-1"
      >
        <div
          class="modal-dialog"
          role="document"
        >
          <div
            class="modal-content"
          >
            <div
              class="modal-header"
            >
              <h5
                class="modal-title"
              >
                Update your name
              </h5>
            </div>
            <div
              class="modal-body"
            >
              <form
                class=""
              >
                <div
                  class="row"
                >
                  <div
                    class="col"
                  >
                    <div
                      class="form-group"
                    >
                      <label
                        class=""
                        for="name"
                      >
                        Name
                      </label>
                      <input
                        autocomplete="off"
                        class="form-control"
                        id="name"
                        name="name"
                        placeholder="Name"
                        type="text"
                        value="Test Name"
                      />
                      <div
                        class="invalid-feedback"
                      >
                        You need to enter your name.
                      </div>
                    </div>
                  </div>
                </div>
              </form>
            </div>
            <div
              class="modal-footer"
            >
              <button
                class="btn btn-dark-green"
                type="button"
              >
                Save
              </button>
              <button
                class="btn btn-secondary"
                type="button"
              >
                Cancel
              </button>
            </div>
          </div>
        </div>
      </div>
      <div
        class="modal-backdrop fade"
      />
    </div>
  </div>
</body>
`;
