// Jest Snapshot v1, https://goo.gl/fbAQLP

exports[`Forgot Password Done Page renders correctly 1`] = `
<div>
  <div
    class="background"
  >
    <nav
      class="navbar navbar"
    >
      <a
        class="navbar-brand"
      >
        PocketBook
      </a>
    </nav>
    <div
      class="centreContainer container"
    >
      <div
        class="row"
      >
        <div
          class="col-lg-6 offset-lg-3"
        >
          <div
            class="centreBox"
          >
            <div
              class="row"
            >
              <div
                class="col"
              >
                <h1
                  class="text-center"
                >
                  Reset Your Password
                </h1>
              </div>
            </div>
            <div
              class="row"
            >
              <div
                class="col"
              >
                <p>
                  Thanks. As long as that email is correct, you will now need to check your inbox, where you will shortly receive a confirmation email which will explain what to do next.
                </p>
              </div>
            </div>
            <div
              class="row"
            >
              <div
                class="col-sm-4 offset-sm-4"
              >
                <a
                  class="btn btn-block btn-dark-green"
                  href="/"
                  id="home-button"
                >
                  Home
                </a>
              </div>
            </div>
          </div>
        </div>
      </div>
    </div>
    <nav
      class="fixed-bottom footer navbar"
    >
      <span
        class="navbar-text"
      >
        Design Copyright Â© 
        2020
         Tony Richards.
      </span>
      <ul
        class="nav"
      >
        <li
          class="nav-item"
        >
          <a
            class="nav-link text-dark"
            href="/privacy"
          >
            Privacy Policy
          </a>
        </li>
        <li
          class="nav-item"
        >
          <a
            class="nav-link text-dark"
            href="/tsandcs"
          >
            Terms of Use
          </a>
        </li>
      </ul>
    </nav>
  </div>
</div>
`;
