// Jest Snapshot v1, https://goo.gl/fbAQLP

exports[`Public Page does not redirect if no token is present 1`] = `
<div>
  <div
    class="background"
  >
    <nav
      class="navbar navbar"
    >
      <a
        class="navbar-brand"
      >
        PocketBook
      </a>
    </nav>
    <div
      class="centreContainer container"
    >
      <div
        class="row"
      >
        <div
          class="col-lg-6 offset-lg-3"
        >
          <div
            class="centreBox"
          >
            <div>
              Test
            </div>
          </div>
        </div>
      </div>
    </div>
    <nav
      class="fixed-bottom footer navbar"
    >
      <span
        class="navbar-text"
      >
        Design Copyright Â© 
        2020
         Tony Richards.
      </span>
      <ul
        class="nav"
      >
        <li
          class="nav-item"
        >
          <a
            class="nav-link text-dark"
            href="/privacy"
          >
            Privacy Policy
          </a>
        </li>
        <li
          class="nav-item"
        >
          <a
            class="nav-link text-dark"
            href="/tsandcs"
          >
            Terms of Use
          </a>
        </li>
      </ul>
    </nav>
  </div>
</div>
`;
